HarmonyOS_Sans_SC.ttf            三 unverified ok                       min=1.00
HarmonyOS_Sans_SC.ttf            中 verified   ok                       min=1.00
HarmonyOS_Sans_SC.ttf            交 unverified ok                       min=1.00
HarmonyOS_Sans_SC.ttf            十 unverified ok                       min=1.00
HarmonyOS_Sans_SC.ttf            口 verified   ok                       min=1.00
HarmonyOS_Sans_SC.ttf            国 verified   ok                       min=1.00
HarmonyOS_Sans_SC.ttf            天 verified   ok                       min=1.00
HarmonyOS_Sans_SC.ttf            川 unverified ok                       min=1.00
HarmonyOS_Sans_SC.ttf            日 verified   ok                       min=1.00
HarmonyOS_Sans_SC.ttf            木 unverified ok                       min=1.00
HarmonyOS_Sans_SC.ttf            林 unverified ok                       min=1.00
HarmonyOS_Sans_SC.ttf            汉 unverified ok                       min=1.00
HarmonyOS_Sans_SC.ttf            爱 unverified ok                       min=1.00
NotoSansSC-VariableFont_wght.ttf 三 unverified ok                       min=1.00
NotoSansSC-VariableFont_wght.ttf 中 unverified ok                       min=1.00
NotoSansSC-VariableFont_wght.ttf 交 unverified ok                       min=1.00
NotoSansSC-VariableFont_wght.ttf 十 unverified ok                       min=1.00
NotoSansSC-VariableFont_wght.ttf 口 unverified ok                       min=1.00
NotoSansSC-VariableFont_wght.ttf 国 unverified ok                       min=1.00
NotoSansSC-VariableFont_wght.ttf 天 unverified ok                       min=1.00
NotoSansSC-VariableFont_wght.ttf 川 unverified ok                       min=1.00
NotoSansSC-VariableFont_wght.ttf 日 unverified ok                       min=1.00
NotoSansSC-VariableFont_wght.ttf 木 unverified ok                       min=1.00
NotoSansSC-VariableFont_wght.ttf 林 unverified ok                       min=1.00
NotoSansSC-VariableFont_wght.ttf 汉 unverified DIFF s3=0.67 s4=0.64     min=0.64
NotoSansSC-VariableFont_wght.ttf 爱 unverified DIFF s4=0.00 s7=0.02 s8=0.02 min=0.00
ZCOOLKuaiLe-Regular.ttf          三 unverified ok                       min=1.00
ZCOOLKuaiLe-Regular.ttf          中 unverified DIFF s1=0.78 s2=0.74     min=0.74
ZCOOLKuaiLe-Regular.ttf          交 unverified DIFF s0=0.65 s3=0.83 s4=0.70 s5=0.75 min=0.65
ZCOOLKuaiLe-Regular.ttf          十 unverified ok                       min=1.00
ZCOOLKuaiLe-Regular.ttf          口 unverified ok                       min=0.87
ZCOOLKuaiLe-Regular.ttf          国 unverified DIFF s4=0.46 s6=0.66     min=0.46
ZCOOLKuaiLe-Regular.ttf          天 unverified ok                       min=1.00
ZCOOLKuaiLe-Regular.ttf          川 unverified ok                       min=1.00
ZCOOLKuaiLe-Regular.ttf          日 unverified DIFF s0=0.60 s2=0.82     min=0.60
ZCOOLKuaiLe-Regular.ttf          木 unverified DIFF s2=0.64             min=0.64
ZCOOLKuaiLe-Regular.ttf          林 unverified DIFF s0=0.44 s2=0.64 s4=0.36 s6=0.76 min=0.36
ZCOOLKuaiLe-Regular.ttf          汉 unverified ok                       min=1.00
ZCOOLKuaiLe-Regular.ttf          爱 unverified DIFF s0=0.78 s1=0.00 s2=0.59 s3=0.00 s4=0.64 s5=0.59 s6=0.64 s7=0.69 s8=0.56 s9=0.54 min=0.00
ZCOOLXiaoWei-Regular.ttf         三 unverified ok                       min=1.00
ZCOOLXiaoWei-Regular.ttf         中 unverified DIFF s1=0.79 s2=0.83     min=0.79
ZCOOLXiaoWei-Regular.ttf         交 unverified DIFF s3=0.46 s4=0.37 s5=0.80 min=0.37
ZCOOLXiaoWei-Regular.ttf         十 unverified ok                       min=1.00
ZCOOLXiaoWei-Regular.ttf         口 unverified DIFF s1=0.80 s2=0.55     min=0.55
ZCOOLXiaoWei-Regular.ttf         国 unverified DIFF s4=0.84             min=0.84
ZCOOLXiaoWei-Regular.ttf         天 unverified DIFF s0=0.50 s2=0.41 s3=0.53 min=0.41
ZCOOLXiaoWei-Regular.ttf         川 unverified ok                       min=1.00
ZCOOLXiaoWei-Regular.ttf         日 unverified DIFF s2=0.78             min=0.78
ZCOOLXiaoWei-Regular.ttf         木 unverified ok                       min=0.96
ZCOOLXiaoWei-Regular.ttf         林 unverified ok                       min=1.00
ZCOOLXiaoWei-Regular.ttf         汉 unverified ok                       min=0.91
ZCOOLXiaoWei-Regular.ttf         爱 unverified DIFF s0=0.72 s1=0.52 s2=0.70 s3=0.00 s5=0.67 min=0.00
simhei.ttf                       三 unverified ok                       min=1.00
simhei.ttf                       中 known_bad  ok                       min=0.99
simhei.ttf                       交 unverified ok                       min=1.00
simhei.ttf                       十 unverified ok                       min=1.00
simhei.ttf                       口 unverified ok                       min=0.85
simhei.ttf                       国 unverified ok                       min=1.00
simhei.ttf                       天 unverified ok                       min=0.98
simhei.ttf                       川 unverified ok                       min=1.00
simhei.ttf                       日 unverified DIFF s2=0.84             min=0.84
simhei.ttf                       木 unverified DIFF s2=0.77             min=0.77
simhei.ttf                       林 unverified DIFF s2=0.67 s3=0.47     min=0.47
simhei.ttf                       汉 unverified DIFF s3=0.79             min=0.79
simhei.ttf                       爱 unverified DIFF s0=0.29 s1=0.68 s3=0.00 s8=0.63 s9=0.70 min=0.00

65 个用例; 破坏(verified 回退/错误): 0
目检页: D:\Personal_Work\TearHanZiApart\.local\protocol-f553ce7\source\bench\review.html
