  HarmonyOS_Sans_SC.ttf: 800/958 (731s)
C:\Users\huzimo\AppData\Roaming\Python\Python39\site-packages\shapely\measurement.py:72: RuntimeWarning: invalid value encountered in distance
  return lib.distance(a, b, **kwargs)
  HarmonyOS_Sans_SC.ttf: 900/958 (836s)
C:\Users\huzimo\AppData\Roaming\Python\Python39\site-packages\shapely\measurement.py:72: RuntimeWarning: invalid value encountered in distance
  return lib.distance(a, b, **kwargs)
C:\Users\huzimo\AppData\Roaming\Python\Python39\site-packages\shapely\measurement.py:72: RuntimeWarning: invalid value encountered in distance
  return lib.distance(a, b, **kwargs)
  HarmonyOS_Sans_SC.ttf: 完成 958 字, 耗时 914s
C:\Users\huzimo\AppData\Roaming\Python\Python39\site-packages\shapely\measurement.py:72: RuntimeWarning: invalid value encountered in distance
  return lib.distance(a, b, **kwargs)
  simsun.ttc: 100/958 (133s)
  simsun.ttc: 200/958 (262s)
C:\Users\huzimo\AppData\Roaming\Python\Python39\site-packages\shapely\measurement.py:72: RuntimeWarning: invalid value encountered in distance
  return lib.distance(a, b, **kwargs)
  simsun.ttc: 300/958 (379s)
C:\Users\huzimo\AppData\Roaming\Python\Python39\site-packages\shapely\measurement.py:72: RuntimeWarning: invalid value encountered in distance
  return lib.distance(a, b, **kwargs)
  simsun.ttc: 400/958 (491s)
C:\Users\huzimo\AppData\Roaming\Python\Python39\site-packages\shapely\measurement.py:72: RuntimeWarning: invalid value encountered in distance
  return lib.distance(a, b, **kwargs)
  simsun.ttc: 500/958 (624s)
  simsun.ttc: 600/958 (754s)
C:\Users\huzimo\AppData\Roaming\Python\Python39\site-packages\shapely\measurement.py:72: RuntimeWarning: invalid value encountered in distance
  return lib.distance(a, b, **kwargs)
C:\Users\huzimo\AppData\Roaming\Python\Python39\site-packages\shapely\measurement.py:72: RuntimeWarning: invalid value encountered in distance
  return lib.distance(a, b, **kwargs)
  simsun.ttc: 700/958 (896s)
C:\Users\huzimo\AppData\Roaming\Python\Python39\site-packages\shapely\measurement.py:72: RuntimeWarning: invalid value encountered in distance
  return lib.distance(a, b, **kwargs)
  simsun.ttc: 800/958 (1028s)
C:\Users\huzimo\AppData\Roaming\Python\Python39\site-packages\shapely\measurement.py:72: RuntimeWarning: invalid value encountered in distance
  return lib.distance(a, b, **kwargs)
  simsun.ttc: 900/958 (1183s)
C:\Users\huzimo\AppData\Roaming\Python\Python39\site-packages\shapely\measurement.py:72: RuntimeWarning: invalid value encountered in distance
  return lib.distance(a, b, **kwargs)
  simsun.ttc: 完成 958 字, 耗时 1280s
# 仲裁 Tracer 胜率表

生成 2026-09-14 01:20 · rev 10d7ece · 字集 sample(958 字) · jobs 6

口径：触发=该级病征门控成立并形成改判提议（含被拒绝的，adopted=False）；笔次=提议涉及笔数；采纳率=采纳条目/触发条目；通过率=verifyChar 零失败码。trace 为首遍（名义指派）口径。

## HarmonyOS_Sans_SC.ttf（测 957 字，总通过率 96.2%；有迹字 868）

| 级 | 触发字数 | 触发笔次 | 采纳笔次 | 采纳率 | 采纳字通过率 | 触发字通过率 | 未触发字通过率 | 采纳失败字失败码 | 采纳失败字 |
|---|---|---|---|---|---|---|---|---|---|
| G1 | 586 | 1438 | 1438 | 100.0% | 95.1% | 95.1% | 98.1% | AREA×17 TYPE×13 ORDER×6 OVERLAP×1 | 啟喧喹垠孵廄憑憲戆揸攮甕痺緣繪缪衢鑒閾關雙颞鱄鱠鸚…(29) |
| S1b | 0 | 0 | 0 | — | — | — | 96.2% | — | — |
| G2 | 290 | 399 | 59 | 14.8% | 87.9% | 90.0% | 99.0% | TYPE×5 AREA×4 OVERLAP×1 ORDER×1 | 勸啟戆攮鑒閾鼴 |
| G3 | 103 | 124 | 37 | 29.8% | 83.3% | 91.3% | 96.8% | AREA×3 TYPE×2 ORDER×2 | 兇攮牒痺缪鹭 |
| G4 | 57 | 78 | 40 | 67.8% | 87.2% | 78.9% | 97.3% | TYPE×3 AREA×3 OVERLAP×1 | 勸孵鄖鱄麝 |
| G4v | 13 | 13 | 13 | 100.0% | 100.0% | 100.0% | 96.2% | — | — |
| G5 | 386 | 499 | 28 | 2.9% | 78.6% | 93.8% | 97.9% | AREA×3 TYPE×3 | 戆繪鼴 |
| G6 | 22 | 52 | 10 | 22.7% | 100.0% | 95.5% | 96.3% | — | — |
| G7 | 5 | 42 | 2 | 4.8% | 100.0% | 40.0% | 96.5% | — | — |
| G8 | 23 | 54 | 2 | 3.7% | 0.0% | 78.3% | 96.7% | AREA×1 ORDER×1 | 攮 |
| G8.5 | 21 | 42 | 38 | 85.7% | 94.4% | 90.5% | 96.4% | AREA×1 TYPE×1 | 戆 |
| G9 | 667 | 2422 | 2367 | 97.3% | 95.0% | 94.9% | 99.3% | AREA×17 TYPE×16 ORDER×6 OVERLAP×2 | 兇勸啟喧喹嘯垠孵廄憑憲戆揸攮橥牒痺禼繪缪衢鄖鑒閾關…(33) |
| G10 | 550 | 825 | 588 | 71.3% | 93.8% | 94.2% | 99.0% | AREA×16 TYPE×13 ORDER×4 OVERLAP×2 | 勸啟喧喹嘯垠廄憲戆揸攮橥牒甕禼衢鄖鑒閾關雙鱄鱠鸚鹔…(28) |

## simsun.ttc（测 957 字，总通过率 88.4%；有迹字 937）

| 级 | 触发字数 | 触发笔次 | 采纳笔次 | 采纳率 | 采纳字通过率 | 触发字通过率 | 未触发字通过率 | 采纳失败字失败码 | 采纳失败字 |
|---|---|---|---|---|---|---|---|---|---|
| G1 | 340 | 789 | 789 | 100.0% | 83.8% | 83.8% | 90.9% | AREA×36 OVERLAP×21 TYPE×11 ORDER×1 | 勸喧家戆揠擬攮斃斛棹濮瀰疡痦瘭碱磯礞稂籑緣繪缪羴臉…(55) |
| S1b | 0 | 0 | 0 | — | — | — | 88.4% | — | — |
| G2 | 386 | 574 | 73 | 12.7% | 76.1% | 81.3% | 93.2% | AREA×10 OVERLAP×8 TYPE×3 ORDER×1 | 勸喧床徴攮疡痦磯籑繪蠃褶諢蹩蹿镢饿 |
| G3 | 208 | 293 | 64 | 21.8% | 64.5% | 79.3% | 90.9% | OVERLAP×12 AREA×11 TYPE×5 | 噼囀嬋戆晒漱疡瘭癖臉艷蠃裨諄輸辯醌鍁镁關鱠鼴 |
| G4 | 48 | 78 | 20 | 40.8% | 80.0% | 83.3% | 88.7% | OVERLAP×2 AREA×2 | 咿籑葉蘇 |
| G4v | 0 | 0 | 0 | — | — | — | 88.4% | — | — |
| G5 | 62 | 77 | 14 | 10.0% | 85.7% | 75.8% | 89.3% | AREA×1 TYPE×1 | 銲 |
| G6 | 3 | 6 | 6 | 100.0% | 66.7% | 66.7% | 88.5% | AREA×1 OVERLAP×1 | 鱠 |
| G7 | 1 | 16 | 0 | 0.0% | — | 100.0% | 88.4% | — | — |
| G8 | 93 | 256 | 2 | 0.8% | 0.0% | 73.1% | 90.0% | AREA×1 TYPE×1 | 銲 |
| G8.5 | 59 | 134 | 118 | 90.3% | 85.2% | 84.7% | 88.6% | AREA×5 OVERLAP×3 ORDER×1 TYPE×1 | 淵漱皤阄顰髑鲞鳜 |
| G9 | 683 | 3948 | 3924 | 99.3% | 87.1% | 87.1% | 91.6% | AREA×49 OVERLAP×35 TYPE×18 ORDER×5 | 借勸咿喧喹嘯噙噼囀四娱嬋家強徊徴戆擬攮斃斛晒毽漱濮…(88) |
| G10 | 907 | 3695 | 1234 | 33.4% | 85.9% | 88.0% | 96.0% | AREA×54 OVERLAP×37 TYPE×15 ORDER×4 | 借勸咿喧喹嘯噙噼囀四婕嬋家床強徊徴戆揠攮斛晒棹毽淖…(90) |

胜率表: D:\Personal_Work\TearHanZiApart\verifyOut\traceStats\20260914-012002-sample\traceStats.md

[exited with code 0]
